// Jest Snapshot v1, https://goo.gl/fbAQLP

exports[`Vitrine should render snapshot 1`] = `
<RCTScrollView
  ListHeaderComponent={
    <React.Fragment>
      <SpacerView
        max={16}
        min={16}
        testID="Vitrine_Content_Spacer"
      />
      <Styled(FlatList)
        ItemSeparatorComponent={[Function]}
        data={
          Array [
            Object {
              "id": "206b3cd8-00a0-11ea-a1de-278776d54145",
              "image": Object {
                "url": "/assets/vehicle_image-206b3cd8-00a0-11ea-a1de-278776d54145.jpg",
              },
              "make": "Audi",
              "model": "A6 50",
              "year": 2013,
            },
            Object {
              "id": "155fa5ae-00a0-11ea-84e3-4371baa68b28",
              "image": Object {
                "url": "/assets/vehicle_image-155fa5ae-00a0-11ea-84e3-4371baa68b28.jpg",
              },
              "make": "Audi",
              "model": "RS7 4.0",
              "year": 2015,
            },
          ]
        }
        keyExtractor={[Function]}
        onEndReached={[MockFunction]}
        onEndReachedThreshold={0.5}
        renderItem={[Function]}
        testID="Vitrine_Content_List"
      />
      <SpacerView
        max={16}
        min={16}
        testID="Vitrine_Content_Spacer_2"
      />
    </React.Fragment>
  }
  accessible={false}
  data={Array []}
  disableVirtualization={false}
  getItem={[Function]}
  getItemCount={[Function]}
  horizontal={false}
  initialNumToRender={10}
  keyExtractor={[Function]}
  maxToRenderPerBatch={10}
  onContentSizeChange={[Function]}
  onEndReachedThreshold={2}
  onLayout={[Function]}
  onMomentumScrollEnd={[Function]}
  onScroll={[Function]}
  onScrollBeginDrag={[Function]}
  onScrollEndDrag={[Function]}
  removeClippedSubviews={false}
  renderItem={[Function]}
  scrollEventThrottle={50}
  stickyHeaderIndices={Array []}
  style={
    Array [
      Object {
        "backgroundColor": "#FFFF",
        "flexBasis": 0,
        "flexGrow": 1,
        "flexShrink": 1,
      },
    ]
  }
  testID="List_Vitrine_Content"
  themeSelector="default"
  updateCellsBatchingPeriod={50}
  viewabilityConfigCallbackPairs={Array []}
  windowSize={21}
>
  <View>
    <View
      onLayout={[Function]}
    >
      <View
        accessible={false}
        max={16}
        min={16}
        style={
          Array [
            Object {
              "flexGrow": 1,
              "maxHeight": 16,
              "minHeight": 16,
            },
          ]
        }
        testID="View_Vitrine_Content_Spacer"
      />
      <View
        ItemSeparatorComponent={[Function]}
        data={
          Array [
            Object {
              "id": "206b3cd8-00a0-11ea-a1de-278776d54145",
              "image": Object {
                "url": "/assets/vehicle_image-206b3cd8-00a0-11ea-a1de-278776d54145.jpg",
              },
              "make": "Audi",
              "model": "A6 50",
              "year": 2013,
            },
            Object {
              "id": "155fa5ae-00a0-11ea-84e3-4371baa68b28",
              "image": Object {
                "url": "/assets/vehicle_image-155fa5ae-00a0-11ea-84e3-4371baa68b28.jpg",
              },
              "make": "Audi",
              "model": "RS7 4.0",
              "year": 2015,
            },
          ]
        }
        disableVirtualization={false}
        getItem={[Function]}
        getItemCount={[Function]}
        horizontal={false}
        initialNumToRender={10}
        keyExtractor={[Function]}
        maxToRenderPerBatch={10}
        onContentSizeChange={[Function]}
        onEndReached={[MockFunction]}
        onEndReachedThreshold={0.5}
        onLayout={[Function]}
        onMomentumScrollEnd={[Function]}
        onScroll={[Function]}
        onScrollBeginDrag={[Function]}
        onScrollEndDrag={[Function]}
        removeClippedSubviews={false}
        renderItem={[Function]}
        scrollEventThrottle={50}
        stickyHeaderIndices={Array []}
        style={
          Array [
            Object {
              "paddingHorizontal": 16,
            },
          ]
        }
        testID="Vitrine_Content_List"
        updateCellsBatchingPeriod={50}
        viewabilityConfigCallbackPairs={Array []}
        windowSize={21}
      >
        <View
          onLayout={[Function]}
          style={null}
        >
          <View
            accessible={false}
            focusable={true}
            onClick={[Function]}
            onResponderGrant={[Function]}
            onResponderMove={[Function]}
            onResponderRelease={[Function]}
            onResponderTerminate={[Function]}
            onResponderTerminationRequest={[Function]}
            onStartShouldSetResponder={[Function]}
            style={
              Object {
                "backgroundColor": "#ffffff",
                "display": "flex",
                "flexDirection": "column",
                "minHeight": 300,
                "opacity": 1,
                "shadowColor": "#000000",
                "shadowOffset": Object {
                  "height": 4,
                  "width": -2,
                },
                "shadowOpacity": 0.2,
                "shadowRadius": 3,
              }
            }
            testID="TouchableOpacity_Vitrine_Content_List_ContentListItem_0"
          >
            <Image
              accessible={false}
              resizeMode="cover"
              source={
                Object {
                  "uri": "http://localhost:3000/assets/vehicle_image-206b3cd8-00a0-11ea-a1de-278776d54145.jpg",
                }
              }
              style={
                Array [
                  Object {
                    "backgroundColor": "#9F9F9F",
                    "display": "flex",
                    "height": 421.875,
                    "width": "100%",
                  },
                ]
              }
              testID="Image_Vitrine_Content_List_ContentListItem_0_ContentListImage"
              themeSelector="default"
            />
            <View
              accessible={false}
              style={
                Array [
                  Object {
                    "display": "flex",
                    "flexDirection": "column",
                  },
                ]
              }
              testID="View_Vitrine_Content_List_ContentListItem_0_ContentListInfo"
            >
              <View
                accessible={false}
                max={10}
                min={10}
                style={
                  Array [
                    Object {
                      "flexGrow": 1,
                      "maxHeight": 10,
                      "minHeight": 10,
                    },
                  ]
                }
                testID="View_Vitrine_Content_List_ContentListItem_0_ContentListInfo_Spacer"
              />
              <View
                accessible={false}
                style={
                  Array [
                    Object {
                      "alignItems": "center",
                      "display": "flex",
                      "flexDirection": "row",
                      "justifyContent": "space-between",
                      "paddingHorizontal": 16,
                      "width": "100%",
                    },
                  ]
                }
                testID="View_Vitrine_Content_List_ContentListItem_0_ContentListInfo_ContentListInfoTop"
              >
                <View
                  accessible={false}
                  style={
                    Array [
                      Object {
                        "display": "flex",
                        "flexDirection": "row",
                      },
                    ]
                  }
                  testID="View_Vitrine_Content_List_ContentListItem_0_ContentListInfo_ContentListInfoTop_ContentListInfoTopDesc"
                >
                  <View
                    accessible={false}
                    style={
                      Array [
                        Object {
                          "display": "flex",
                        },
                      ]
                    }
                    testID="View_Vitrine_Content_List_ContentListItem_0_ContentListInfo_ContentListInfoTop_ContentListInfoTopDesc_Text"
                  >
                    <Text
                      accessible={false}
                      color="#000000"
                      fontSize={23}
                      style={
                        Array [
                          Object {
                            "color": "#000000",
                            "fontSize": 23,
                          },
                        ]
                      }
                      testID="Text_Vitrine_Content_List_ContentListItem_0_ContentListInfo_ContentListInfoTop_ContentListInfoTopDesc_Text_Content_Text"
                    >
                      A6 50
                    </Text>
                  </View>
                </View>
                <View
                  accessible={false}
                  focusable={true}
                  onClick={[Function]}
                  onResponderGrant={[Function]}
                  onResponderMove={[Function]}
                  onResponderRelease={[Function]}
                  onResponderTerminate={[Function]}
                  onResponderTerminationRequest={[Function]}
                  onStartShouldSetResponder={[Function]}
                  style={
                    Object {
                      "alignItems": "center",
                      "backgroundColor": "transparent",
                      "display": "flex",
                      "height": 25,
                      "justifyContent": "center",
                      "opacity": 1,
                      "width": 25,
                    }
                  }
                  testID="TouchableOpacity_Vitrine_Content_List_ContentListItem_0_ContentListInfo_ContentListInfoTop_ContentListInfoTopStar"
                >
                  <View
                    accessible={false}
                    color="#000000"
                    name="staro"
                    size={25}
                    testID="View_Vitrine_Content_List_ContentListItem_0_ContentListInfo_ContentListInfoTop_ContentListInfoTopStar_Icon"
                  />
                </View>
              </View>
              <View
                accessible={false}
                max={10}
                min={10}
                style={
                  Array [
                    Object {
                      "flexGrow": 1,
                      "maxHeight": 10,
                      "minHeight": 10,
                    },
                  ]
                }
                testID="View_Vitrine_Content_List_ContentListItem_0_ContentListInfo_Spacer"
              />
              <View
                accessible={false}
                style={
                  Array [
                    Object {
                      "borderColor": "#9F9F9F",
                      "borderWidth": 2,
                      "display": "flex",
                      "width": "100%",
                    },
                  ]
                }
                testID="View_Vitrine_Content_List_ContentListItem_0_ContentListInfo_ContentListHr"
                themeSelector="default"
              />
              <View
                accessible={false}
                max={10}
                min={10}
                style={
                  Array [
                    Object {
                      "flexGrow": 1,
                      "maxHeight": 10,
                      "minHeight": 10,
                    },
                  ]
                }
                testID="View_Vitrine_Content_List_ContentListItem_0_ContentListInfo_Spacer2"
              />
              <View
                accessible={false}
                style={
                  Array [
                    Object {
                      "alignItems": "center",
                      "display": "flex",
                      "flexDirection": "row",
                      "paddingHorizontal": 16,
                      "width": "100%",
                    },
                  ]
                }
                testID="View_Vitrine_Content_List_ContentListItem_0_ContentListInfo_ContentListInfoBot"
              >
                <View
                  accessible={false}
                  style={
                    Array [
                      Object {
                        "alignItems": "center",
                        "display": "flex",
                      },
                    ]
                  }
                  testID="View_Vitrine_Content_List_ContentListItem_0_ContentListInfo_ContentListInfoBot_ContentListInfoBotDesc"
                >
                  <View
                    accessible={false}
                    style={
                      Array [
                        Object {
                          "display": "flex",
                        },
                      ]
                    }
                    testID="View_Vitrine_Content_List_ContentListItem_0_ContentListInfo_ContentListInfoBot_ContentListInfoBotDesc_Text"
                  >
                    <Text
                      accessible={false}
                      color="#000000"
                      style={
                        Array [
                          Object {
                            "color": "#000000",
                            "fontSize": 12,
                          },
                        ]
                      }
                      testID="Text_Vitrine_Content_List_ContentListItem_0_ContentListInfo_ContentListInfoBot_ContentListInfoBotDesc_Text_Content_Text"
                    >
                      Audi | 2013
                    </Text>
                  </View>
                </View>
              </View>
              <View
                accessible={false}
                max={10}
                min={10}
                style={
                  Array [
                    Object {
                      "flexGrow": 1,
                      "maxHeight": 10,
                      "minHeight": 10,
                    },
                  ]
                }
                testID="View_Vitrine_Content_List_ContentListItem_0_ContentListInfo_Spacer"
              />
            </View>
          </View>
          <View
            accessible={false}
            max={20}
            min={20}
            style={
              Array [
                Object {
                  "flexGrow": 1,
                  "maxHeight": 20,
                  "minHeight": 20,
                },
              ]
            }
            testID="View_Spacer"
          />
        </View>
        <View
          onLayout={[Function]}
          style={null}
        >
          <View
            accessible={false}
            focusable={true}
            onClick={[Function]}
            onResponderGrant={[Function]}
            onResponderMove={[Function]}
            onResponderRelease={[Function]}
            onResponderTerminate={[Function]}
            onResponderTerminationRequest={[Function]}
            onStartShouldSetResponder={[Function]}
            style={
              Object {
                "backgroundColor": "#ffffff",
                "display": "flex",
                "flexDirection": "column",
                "minHeight": 300,
                "opacity": 1,
                "shadowColor": "#000000",
                "shadowOffset": Object {
                  "height": 4,
                  "width": -2,
                },
                "shadowOpacity": 0.2,
                "shadowRadius": 3,
              }
            }
            testID="TouchableOpacity_Vitrine_Content_List_ContentListItem_1"
          >
            <Image
              accessible={false}
              resizeMode="cover"
              source={
                Object {
                  "uri": "http://localhost:3000/assets/vehicle_image-155fa5ae-00a0-11ea-84e3-4371baa68b28.jpg",
                }
              }
              style={
                Array [
                  Object {
                    "backgroundColor": "#9F9F9F",
                    "display": "flex",
                    "height": 421.875,
                    "width": "100%",
                  },
                ]
              }
              testID="Image_Vitrine_Content_List_ContentListItem_1_ContentListImage"
              themeSelector="default"
            />
            <View
              accessible={false}
              style={
                Array [
                  Object {
                    "display": "flex",
                    "flexDirection": "column",
                  },
                ]
              }
              testID="View_Vitrine_Content_List_ContentListItem_1_ContentListInfo"
            >
              <View
                accessible={false}
                max={10}
                min={10}
                style={
                  Array [
                    Object {
                      "flexGrow": 1,
                      "maxHeight": 10,
                      "minHeight": 10,
                    },
                  ]
                }
                testID="View_Vitrine_Content_List_ContentListItem_1_ContentListInfo_Spacer"
              />
              <View
                accessible={false}
                style={
                  Array [
                    Object {
                      "alignItems": "center",
                      "display": "flex",
                      "flexDirection": "row",
                      "justifyContent": "space-between",
                      "paddingHorizontal": 16,
                      "width": "100%",
                    },
                  ]
                }
                testID="View_Vitrine_Content_List_ContentListItem_1_ContentListInfo_ContentListInfoTop"
              >
                <View
                  accessible={false}
                  style={
                    Array [
                      Object {
                        "display": "flex",
                        "flexDirection": "row",
                      },
                    ]
                  }
                  testID="View_Vitrine_Content_List_ContentListItem_1_ContentListInfo_ContentListInfoTop_ContentListInfoTopDesc"
                >
                  <View
                    accessible={false}
                    style={
                      Array [
                        Object {
                          "display": "flex",
                        },
                      ]
                    }
                    testID="View_Vitrine_Content_List_ContentListItem_1_ContentListInfo_ContentListInfoTop_ContentListInfoTopDesc_Text"
                  >
                    <Text
                      accessible={false}
                      color="#000000"
                      fontSize={23}
                      style={
                        Array [
                          Object {
                            "color": "#000000",
                            "fontSize": 23,
                          },
                        ]
                      }
                      testID="Text_Vitrine_Content_List_ContentListItem_1_ContentListInfo_ContentListInfoTop_ContentListInfoTopDesc_Text_Content_Text"
                    >
                      RS7 4.0
                    </Text>
                  </View>
                </View>
                <View
                  accessible={false}
                  focusable={true}
                  onClick={[Function]}
                  onResponderGrant={[Function]}
                  onResponderMove={[Function]}
                  onResponderRelease={[Function]}
                  onResponderTerminate={[Function]}
                  onResponderTerminationRequest={[Function]}
                  onStartShouldSetResponder={[Function]}
                  style={
                    Object {
                      "alignItems": "center",
                      "backgroundColor": "transparent",
                      "display": "flex",
                      "height": 25,
                      "justifyContent": "center",
                      "opacity": 1,
                      "width": 25,
                    }
                  }
                  testID="TouchableOpacity_Vitrine_Content_List_ContentListItem_1_ContentListInfo_ContentListInfoTop_ContentListInfoTopStar"
                >
                  <View
                    accessible={false}
                    color="#F9E26B"
                    name="star"
                    size={25}
                    testID="View_Vitrine_Content_List_ContentListItem_1_ContentListInfo_ContentListInfoTop_ContentListInfoTopStar_Icon"
                  />
                </View>
              </View>
              <View
                accessible={false}
                max={10}
                min={10}
                style={
                  Array [
                    Object {
                      "flexGrow": 1,
                      "maxHeight": 10,
                      "minHeight": 10,
                    },
                  ]
                }
                testID="View_Vitrine_Content_List_ContentListItem_1_ContentListInfo_Spacer"
              />
              <View
                accessible={false}
                style={
                  Array [
                    Object {
                      "borderColor": "#9F9F9F",
                      "borderWidth": 2,
                      "display": "flex",
                      "width": "100%",
                    },
                  ]
                }
                testID="View_Vitrine_Content_List_ContentListItem_1_ContentListInfo_ContentListHr"
                themeSelector="default"
              />
              <View
                accessible={false}
                max={10}
                min={10}
                style={
                  Array [
                    Object {
                      "flexGrow": 1,
                      "maxHeight": 10,
                      "minHeight": 10,
                    },
                  ]
                }
                testID="View_Vitrine_Content_List_ContentListItem_1_ContentListInfo_Spacer2"
              />
              <View
                accessible={false}
                style={
                  Array [
                    Object {
                      "alignItems": "center",
                      "display": "flex",
                      "flexDirection": "row",
                      "paddingHorizontal": 16,
                      "width": "100%",
                    },
                  ]
                }
                testID="View_Vitrine_Content_List_ContentListItem_1_ContentListInfo_ContentListInfoBot"
              >
                <View
                  accessible={false}
                  style={
                    Array [
                      Object {
                        "alignItems": "center",
                        "display": "flex",
                      },
                    ]
                  }
                  testID="View_Vitrine_Content_List_ContentListItem_1_ContentListInfo_ContentListInfoBot_ContentListInfoBotDesc"
                >
                  <View
                    accessible={false}
                    style={
                      Array [
                        Object {
                          "display": "flex",
                        },
                      ]
                    }
                    testID="View_Vitrine_Content_List_ContentListItem_1_ContentListInfo_ContentListInfoBot_ContentListInfoBotDesc_Text"
                  >
                    <Text
                      accessible={false}
                      color="#000000"
                      style={
                        Array [
                          Object {
                            "color": "#000000",
                            "fontSize": 12,
                          },
                        ]
                      }
                      testID="Text_Vitrine_Content_List_ContentListItem_1_ContentListInfo_ContentListInfoBot_ContentListInfoBotDesc_Text_Content_Text"
                    >
                      Audi | 2015
                    </Text>
                  </View>
                </View>
              </View>
              <View
                accessible={false}
                max={10}
                min={10}
                style={
                  Array [
                    Object {
                      "flexGrow": 1,
                      "maxHeight": 10,
                      "minHeight": 10,
                    },
                  ]
                }
                testID="View_Vitrine_Content_List_ContentListItem_1_ContentListInfo_Spacer"
              />
            </View>
          </View>
        </View>
      </View>
      <View
        accessible={false}
        max={16}
        min={16}
        style={
          Array [
            Object {
              "flexGrow": 1,
              "maxHeight": 16,
              "minHeight": 16,
            },
          ]
        }
        testID="View_Vitrine_Content_Spacer_2"
      />
    </View>
  </View>
</RCTScrollView>
`;
