// Jest Snapshot v1, https://goo.gl/fbAQLP

exports[`Loader should render snapshot 1`] = `
<ActivityIndicator
  accessible={false}
  animating={true}
  color="white"
  hidesWhenStopped={true}
  size={23}
  style={
    Array [
      Object {},
    ]
  }
  testID="ActivityIndicator_Loader"
/>
`;
