// Jest Snapshot v1, https://goo.gl/fbAQLP

exports[`Header should render snapshot 1`] = `
<View
  accessible={false}
  style={
    Array [
      Object {
        "alignItems": "center",
        "backgroundColor": "#FFFF",
        "borderColor": "transparent",
        "borderStyle": "solid",
        "borderWidth": 0,
        "display": "flex",
        "flexDirection": "row",
        "height": 72,
        "justifyContent": "space-between",
        "paddingHorizontal": 16,
      },
    ]
  }
  testID="View_Header_Container"
  themeSelector="default"
>
  <View
    accessible={false}
    style={
      Array [
        Object {
          "alignItems": "center",
          "flexBasis": 0,
          "flexDirection": "row",
          "flexGrow": 1,
          "flexShrink": 1,
        },
      ]
    }
    testID="View_Header_Container_Content"
  >
    <View
      accessible={false}
      focusable={true}
      onClick={[Function]}
      onResponderGrant={[Function]}
      onResponderMove={[Function]}
      onResponderRelease={[Function]}
      onResponderTerminate={[Function]}
      onResponderTerminationRequest={[Function]}
      onStartShouldSetResponder={[Function]}
      style={
        Object {
          "alignItems": "center",
          "display": "flex",
          "height": 45,
          "justifyContent": "center",
          "opacity": 1,
          "width": 45,
        }
      }
      testID="TouchableOpacity_Header_Container_Content_ButtonLeftItem"
    >
      <View
        accessible={false}
        color="#000000"
        name="arrow-back-ios"
        size={20}
        testID="View_Header_Container_Content_ButtonLeftItem_Icon"
      />
    </View>
    <View
      accessible={false}
      isHomeScreen={false}
      style={
        Array [
          Object {
            "alignItems": "flex-start",
            "flexBasis": 0,
            "flexGrow": 1,
            "flexShrink": 1,
            "justifyContent": "center",
            "shadowColor": "#000000",
            "shadowOffset": Object {
              "height": 0,
              "width": 0,
            },
            "shadowOpacity": 0.5,
            "shadowRadius": 5,
          },
        ]
      }
      testID="View_Header_Container_Content_ContentTitle"
      themeSelector="default"
    >
      <View
        accessible={false}
        style={
          Array [
            Object {
              "display": "flex",
            },
          ]
        }
        testID="View_Header_Container_Content_ContentTitle_Text"
      >
        <Text
          accessible={false}
          color="#000000"
          fontSize={25}
          isBold={true}
          style={
            Array [
              Object {
                "color": "#000000",
                "fontSize": 25,
                "fontWeight": "bold",
              },
            ]
          }
          testID="Text_Header_Container_Content_ContentTitle_Text_Content_Text"
        >
          Test
        </Text>
      </View>
    </View>
  </View>
</View>
`;
